
Welcome to Gradle 9.3.0!

Here are the highlights of this release:
 - Test reporting improvements
 - Error and warning improvements
 - Build authoring improvements

For more details see https://docs.gradle.org/9.3.0/release-notes.html

Starting a Gradle Daemon, 1 incompatible Daemon could not be reused, use --status for details
> Task :compileJava UP-TO-DATE
> Task :processResources
> Task :classes
> Task :resolveMainClassName

> Task :bootRun

  .   ____          _            __ _ _
 /\\ / ___'_ __ _ _(_)_ __  __ _ \ \ \ \
( ( )\___ | '_ | '_| | '_ \/ _` | \ \ \ \
 \\/  ___)| |_)| | | | | || (_| |  ) ) ) )
  '  |____| .__|_| |_|_| |_\__, | / / / /
 =========|_|==============|___/=/_/_/_/
 :: Spring Boot ::                (v3.1.0)

2026-02-25T11:44:16.218+09:00  INFO 7696 --- [           main] c.e.f.FirstprojectApplication            : Starting FirstprojectApplication using Java 17.0.18 with PID 7696 (D:\SpartaUnity\SpringBootFirstProject\build\classes\java\main started by user in D:\SpartaUnity\SpringBootFirstProject)
2026-02-25T11:44:16.226+09:00  INFO 7696 --- [           main] c.e.f.FirstprojectApplication            : No active profile set, falling back to 1 default profile: "default"
2026-02-25T11:44:16.764+09:00  INFO 7696 --- [           main] .s.d.r.c.RepositoryConfigurationDelegate : Bootstrapping Spring Data JPA repositories in DEFAULT mode.
2026-02-25T11:44:16.785+09:00  INFO 7696 --- [           main] .s.d.r.c.RepositoryConfigurationDelegate : Finished Spring Data repository scanning in 12 ms. Found 0 JPA repository interfaces.
2026-02-25T11:44:17.323+09:00  INFO 7696 --- [           main] o.s.b.w.embedded.tomcat.TomcatWebServer  : Tomcat initialized with port(s): 8080 (http)
2026-02-25T11:44:17.336+09:00  INFO 7696 --- [           main] o.apache.catalina.core.StandardService   : Starting service [Tomcat]
2026-02-25T11:44:17.336+09:00  INFO 7696 --- [           main] o.apache.catalina.core.StandardEngine    : Starting Servlet engine: [Apache Tomcat/10.1.8]
2026-02-25T11:44:17.459+09:00  INFO 7696 --- [           main] o.a.c.c.C.[Tomcat].[localhost].[/]       : Initializing Spring embedded WebApplicationContext
2026-02-25T11:44:17.461+09:00  INFO 7696 --- [           main] w.s.c.ServletWebServerApplicationContext : Root WebApplicationContext: initialization completed in 1180 ms
2026-02-25T11:44:17.573+09:00  INFO 7696 --- [           main] com.zaxxer.hikari.HikariDataSource       : HikariPool-1 - Starting...
2026-02-25T11:44:17.732+09:00  INFO 7696 --- [           main] com.zaxxer.hikari.pool.HikariPool        : HikariPool-1 - Added connection conn0: url=jdbc:h2:mem:c79d7c66-c7e7-4575-b6e5-3b744e8ec1f3 user=SA
2026-02-25T11:44:17.734+09:00  INFO 7696 --- [           main] com.zaxxer.hikari.HikariDataSource       : HikariPool-1 - Start completed.
2026-02-25T11:44:17.777+09:00  INFO 7696 --- [           main] o.hibernate.jpa.internal.util.LogHelper  : HHH000204: Processing PersistenceUnitInfo [name: default]
2026-02-25T11:44:17.826+09:00  INFO 7696 --- [           main] org.hibernate.Version                    : HHH000412: Hibernate ORM core version 6.2.2.Final
2026-02-25T11:44:17.826+09:00  INFO 7696 --- [           main] org.hibernate.cfg.Environment            : HHH000406: Using bytecode reflection optimizer
2026-02-25T11:44:17.961+09:00  INFO 7696 --- [           main] o.h.b.i.BytecodeProviderInitiator        : HHH000021: Bytecode provider name : bytebuddy
2026-02-25T11:44:18.081+09:00  INFO 7696 --- [           main] o.s.o.j.p.SpringPersistenceUnitInfo      : No LoadTimeWeaver setup: ignoring JPA class transformer
2026-02-25T11:44:18.127+09:00  INFO 7696 --- [           main] org.hibernate.orm.dialect                : HHH035001: Using dialect: org.hibernate.dialect.H2Dialect, version: 2.1.214
2026-02-25T11:44:18.211+09:00  INFO 7696 --- [           main] o.h.b.i.BytecodeProviderInitiator        : HHH000021: Bytecode provider name : bytebuddy
2026-02-25T11:44:18.401+09:00  INFO 7696 --- [           main] o.h.e.t.j.p.i.JtaPlatformInitiator       : HHH000490: Using JtaPlatform implementation: [org.hibernate.engine.transaction.jta.platform.internal.NoJtaPlatform]
2026-02-25T11:44:18.406+09:00  INFO 7696 --- [           main] j.LocalContainerEntityManagerFactoryBean : Initialized JPA EntityManagerFactory for persistence unit 'default'
2026-02-25T11:44:18.440+09:00  WARN 7696 --- [           main] JpaBaseConfiguration$JpaWebConfiguration : spring.jpa.open-in-view is enabled by default. Therefore, database queries may be performed during view rendering. Explicitly configure spring.jpa.open-in-view to disable this warning
2026-02-25T11:44:18.727+09:00  WARN 7696 --- [           main] ConfigServletWebServerApplicationContext : Exception encountered during context initialization - cancelling refresh attempt: org.springframework.context.ApplicationContextException: Failed to start bean 'webServerStartStop'
2026-02-25T11:44:18.731+09:00  INFO 7696 --- [           main] j.LocalContainerEntityManagerFactoryBean : Closing JPA EntityManagerFactory for persistence unit 'default'
2026-02-25T11:44:18.731+09:00  INFO 7696 --- [           main] com.zaxxer.hikari.HikariDataSource       : HikariPool-1 - Shutdown initiated...
2026-02-25T11:44:18.735+09:00  INFO 7696 --- [           main] com.zaxxer.hikari.HikariDataSource       : HikariPool-1 - Shutdown completed.
2026-02-25T11:44:18.735+09:00  INFO 7696 --- [           main] o.apache.catalina.core.StandardService   : Stopping service [Tomcat]
2026-02-25T11:44:18.747+09:00  INFO 7696 --- [           main] .s.b.a.l.ConditionEvaluationReportLogger : 

Error starting ApplicationContext. To display the condition evaluation report re-run your application with 'debug' enabled.
2026-02-25T11:44:18.764+09:00 ERROR 7696 --- [           main] o.s.b.d.LoggingFailureAnalysisReporter   : 

***************************
APPLICATION FAILED TO START
***************************

Description:

Web server failed to start. Port 8080 was already in use.

Action:

Identify and stop the process that's listening on port 8080 or configure this application to listen on another port.


> Task :bootRun FAILED
4 actionable tasks: 3 executed, 1 up-to-date
